producer_class	xtools.gsea.Gsea
producer_timestamp	1649446039538
param	zip_report	false
param	num	100
param	scoring_scheme	weighted
param	norm	meandiv
param	out	C:\Users\nushi\gsea_home\output\apr08
param	mode	Max_probe
param	include_only_symbols	true
param	set_max	500
param	gmx	ftp.broadinstitute.org://pub/gsea/gene_sets/h.all.v7.5.symbols.gmt
param	plot_top_x	20
param	nperm	1000
param	order	descending
param	rpt_label	my_analysis
param	rnd_seed	timestamp
param	set_min	15
param	res	C:\Users\nushi\OneDrive - Cornell University\Anusha_personal\Cornell\TorporFieldwork_IR\RNASeq_andQC_data\DESeq_Data_Mar2022_all tissues\all tissues\final\RNASeq_NormCounts_gsea.gct
param	create_svgs	false
param	cls	C:\Users\nushi\OneDrive - Cornell University\Anusha_personal\Cornell\TorporFieldwork_IR\RNASeq_andQC_data\DESeq_Data_Mar2022_all tissues\all tissues\final\Pheno_labs_state_gsea.cls#D_versus_N
param	sort	real
param	create_gcts	false
param	help	false
param	save_rnd_lists	false
param	median	false
param	metric	Signal2Noise
param	make_sets	true
param	rnd_type	no_balance
param	gui	false
param	permute	phenotype
param	collapse	No_Collapse

file	C:\Users\nushi\gsea_home\output\apr08\my_analysis.Gsea.1649446039538\index.html
